// Jest Snapshot v1, https://goo.gl/fbAQLP

exports[`Probando el componente Detalle debería mostrar Detalle correctamente 1`] = `
<DocumentFragment>
  <div
    class="MuiBox-root css-0"
  >
    <div
      class="container-caja-busqueda MuiBox-root css-0"
    >
      <div
        class="container-img-buscador MuiBox-root css-0"
      >
        <img
          src="https://http2.mlstatic.com/frontend-assets/ui-navigation/5.18.8/mercadolibre/logo__small@2x.png"
        />
      </div>
      <div
        class="container-input-buscador MuiBox-root css-0"
      >
        <form
          class="MuiPaper-root MuiPaper-elevation MuiPaper-rounded MuiPaper-elevation1 paper-input-buscador css-1ps6pg7-MuiPaper-root"
        >
          <div
            class="MuiInputBase-root MuiInputBase-colorPrimary input-buscador css-1le28he-MuiInputBase-root"
            data-testid="input-busqueda"
          >
            <input
              class="MuiInputBase-input css-yz9k0d-MuiInputBase-input"
              placeholder="Buscar productos, marcas y más..."
              type="text"
              value=""
            />
          </div>
          <button
            aria-label="search"
            class="MuiButtonBase-root MuiIconButton-root MuiIconButton-sizeMedium css-1gtpq4r-MuiButtonBase-root-MuiIconButton-root"
            tabindex="0"
            type="submit"
          >
            <svg
              aria-hidden="true"
              class="MuiSvgIcon-root MuiSvgIcon-fontSizeMedium css-i4bv87-MuiSvgIcon-root"
              data-testid="SearchIcon"
              focusable="false"
              viewBox="0 0 24 24"
            >
              <path
                d="M15.5 14h-.79l-.28-.27C15.41 12.59 16 11.11 16 9.5 16 5.91 13.09 3 9.5 3S3 5.91 3 9.5 5.91 16 9.5 16c1.61 0 3.09-.59 4.23-1.57l.27.28v.79l5 4.99L20.49 19l-4.99-5zm-6 0C7.01 14 5 11.99 5 9.5S7.01 5 9.5 5 14 7.01 14 9.5 11.99 14 9.5 14z"
              />
            </svg>
            <span
              class="MuiTouchRipple-root css-8je8zh-MuiTouchRipple-root"
            />
          </button>
        </form>
      </div>
    </div>
    <div
      class="container-producto MuiBox-root css-0"
    >
      <div
        class="MuiGrid-root MuiGrid-container MuiGrid-spacing-xs-2 css-mhc70k-MuiGrid-root"
      >
        <div
          class="MuiGrid-root MuiGrid-item MuiGrid-grid-xs-7 css-uqwprf-MuiGrid-root"
        >
          <div
            class="MuiPaper-root MuiPaper-elevation MuiPaper-rounded MuiPaper-elevation1 css-1633um2-MuiPaper-root"
          >
            <img
              class="img-detalle"
            />
            <div
              class="container-descripcion MuiBox-root css-0"
            >
              <h1>
                Descripción del producto
              </h1>
              <div
                class="MuiBox-root css-0"
              >
                <p
                  class="MuiTypography-root MuiTypography-body2 css-r40f8v-MuiTypography-root"
                >
                  No hay descripción para el producto
                </p>
              </div>
            </div>
          </div>
        </div>
        <div
          class="MuiGrid-root MuiGrid-item MuiGrid-grid-xs-true css-1vd824g-MuiGrid-root"
        >
          <div
            class="MuiPaper-root MuiPaper-elevation MuiPaper-rounded MuiPaper-elevation1 container-item-comprar css-1633um2-MuiPaper-root"
          >
            <div
              class="container-comprar MuiBox-root css-0"
            >
              <div
                class="container-items-comprar MuiBox-root css-0"
              >
                Condición no disponible - No disponible número de vendidos
              </div>
              <div
                class="container-items-comprar MuiBox-root css-0"
              >
                <h3>
                  Título no disponible
                </h3>
              </div>
              <div
                class="container-items-comprar MuiBox-root css-0"
              >
                <h1 />
              </div>
              <div
                class="container-button-comprar MuiBox-root css-0"
              >
                <button
                  class="MuiButton-root MuiButton-contained MuiButton-containedPrimary MuiButton-sizeMedium MuiButton-containedSizeMedium MuiButtonBase-root  css-sghohy-MuiButtonBase-root-MuiButton-root"
                  tabindex="0"
                  type="button"
                >
                  Comprar
                  <span
                    class="MuiTouchRipple-root css-8je8zh-MuiTouchRipple-root"
                  />
                </button>
              </div>
            </div>
          </div>
        </div>
      </div>
    </div>
  </div>
</DocumentFragment>
`;
