// Jest Snapshot v1, https://goo.gl/fbAQLP

exports[`valida miga de pan 1`] = `
<DocumentFragment>
  <div
    class="css-1p5q5e5-MuiStack-root"
  >
    <nav
      aria-label="breadcrumb"
      class="MuiTypography-root MuiTypography-body1 MuiBreadcrumbs-root css-63vwl1-MuiTypography-root-MuiBreadcrumbs-root"
    >
      <ol
        class="MuiBreadcrumbs-ol css-4pdmu4-MuiBreadcrumbs-ol"
      />
    </nav>
  </div>
</DocumentFragment>
`;
